# 全书质量检测报告

**检测时间**：2026/9/3 20:10:13 | **章节数**：6 | **总字数**：17,332

## 全书概览

| 指标 | 数值 |
|------|------|
| 平均分 | 80.3 |
| A级(≥90) | 1章 (17%) |
| B级(80-89) | 4章 (67%) |
| C级(60-79) | 0章 (0%) |
| D级(<60) | 1章 (17%) |

## 各章评分排行

| 排名 | 章节 | 评分 | 等级 | 错误 | 警告 | 提示 | 字数 | 叙事段 | 对话段 |
|------|------|------|------|------|------|------|------|--------|--------|
| 1 | 第5章_实战测试 | 93 | A | 0 | 1 | 3 | 3008 | 54 | 4 |
| 2 | 都市_许照_第03章_一个针眼 | 84 | B | 0 | 2 | 8 | 2948 | 62 | 12 |
| 3 | 都市_许照_第04章_两年前的针 | 84 | B | 0 | 3 | 4 | 2845 | 58 | 20 |
| 4 | 都市_许照_第01章_v4_卖相重写 | 81 | B | 0 | 4 | 3 | 2775 | 78 | 0 |
| 5 | 都市_许照_第02章_订书钉 | 81 | B | 0 | 4 | 3 | 2901 | 66 | 8 |
| 6 | 都市_许照_第01章_v3_真底座盲写 | 59 | D | 0 | 9 | 5 | 2855 | 43 | 0 |

## 需重点修复的章节

### 都市_许照_第01章_v3_真底座盲写（59分）
- 🟡 **感官密度**：视觉占比64%（117/184）偏高，非视觉感官仅 67 处。
- 🟡 **不是X是Y**：检测到1处"不是X是Y"句式（含跨段/孤句模式）：不是哥们闲扯，是
- 🟡 **对话引导词重复**：角色"国庆"的对话引导词（说/道/问/答）出现4次，超过每角色每章3次上限，易显单调。
- 🟡 **段落过长**：第 17 段字数 220，超过上限 200 字
- 🟡 **句子过长**：句子长度 62 字，超过上限 60 字

## 全书统计

| 指标 | 数值 |
|------|------|
| 总字数 | 17,332 |
| 总违规数 | 49 |
| 错误 | 0 |
| 警告 | 23 |
| 提示 | 26 |
| 破折号总数 | 0 |
| "不是X是Y"总数 | 3 |

## 🟠 段落结构重复（盲区5）

| 结构指纹 | 出现章节 | 总次数 |
|---------|---------|-------|
| 首"许照把"+叙事+M级 | 第1、2、3、4、5章 | 12 |
| 首"他忽然"+叙事+M级 | 第2、3、4、5、6章 | 10 |
| 首"许照的"+叙事+S级 | 第3、4、5章 | 8 |
| 首"许照没"+叙事+M级 | 第1、2、3、4、5章 | 7 |
| 首"许照没"+叙事+S级 | 第1、2、4、5章 | 4 |

⚠️ 检测到5种跨章重复的段落结构模式。建议在章节间轮换段落开头和结构。

---
*InkWeave v4.0 检测引擎*
